// Jest Snapshot v1, https://goo.gl/fbAQLP

exports[`Pruebas en <CalendarScreen /> debe de mostrarse correctamente 1`] = `
<div
  className="calendar-screen"
>
  <nav
    className="navbar navbar-expand navbar-dark bg-dark"
  >
    <span
      className="navbar-brand"
    >
      Fernando
    </span>
    <span
      className="ml-auto navbar-brand"
    >
      <button
        className="btn btn-outline-danger"
        disabled={false}
        onClick={[Function]}
        type="button"
      >
        <svg
          aria-hidden="true"
          className="svg-inline--fa fa-sign-out-alt fa-w-16 "
          data-icon="sign-out-alt"
          data-prefix="fas"
          focusable="false"
          role="img"
          style={Object {}}
          viewBox="0 0 512 512"
          xmlns="http://www.w3.org/2000/svg"
        >
          <path
            d="M497 273L329 441c-15 15-41 4.5-41-17v-96H152c-13.3 0-24-10.7-24-24v-96c0-13.3 10.7-24 24-24h136V88c0-21.4 25.9-32 41-17l168 168c9.3 9.4 9.3 24.6 0 34zM192 436v-40c0-6.6-5.4-12-12-12H96c-17.7 0-32-14.3-32-32V160c0-17.7 14.3-32 32-32h84c6.6 0 12-5.4 12-12V76c0-6.6-5.4-12-12-12H96c-53 0-96 43-96 96v192c0 53 43 96 96 96h84c6.6 0 12-5.4 12-12z"
            fill="currentColor"
            style={Object {}}
          />
        </svg>
        <span
          className="ml-1"
        >
          Salir
        </span>
      </button>
    </span>
  </nav>
  <div
    className="mt-3 container"
  >
    <div
      className="rbc-calendar"
      style={
        Object {
          "height": 500,
        }
      }
    >
      <div
        className="rbc-toolbar"
      >
        <span
          className="rbc-btn-group"
        >
          <button
            onClick={[Function]}
            type="button"
          >
            Hoy
          </button>
          <button
            onClick={[Function]}
            type="button"
          >
            &lt;
          </button>
          <button
            onClick={[Function]}
            type="button"
          >
            &gt;
          </button>
        </span>
        <span
          className="rbc-toolbar-label"
        >
          octubre 2020
        </span>
        <span
          className="rbc-btn-group"
        >
          <button
            className="rbc-active"
            key="month"
            onClick={[Function]}
            type="button"
          >
            Mes
          </button>
          <button
            className=""
            key="week"
            onClick={[Function]}
            type="button"
          >
            Semana
          </button>
          <button
            className=""
            key="day"
            onClick={[Function]}
            type="button"
          >
            Día
          </button>
          <button
            className=""
            key="agenda"
            onClick={[Function]}
            type="button"
          >
            Agenda
          </button>
        </span>
      </div>
      <div
        className="rbc-month-view"
      >
        <div
          className="rbc-row rbc-month-header"
        >
          <div
            className="rbc-header"
            key="header_0"
          >
            <span>
              lun.
            </span>
          </div>
          <div
            className="rbc-header"
            key="header_1"
          >
            <span>
              mar.
            </span>
          </div>
          <div
            className="rbc-header"
            key="header_2"
          >
            <span>
              mié.
            </span>
          </div>
          <div
            className="rbc-header"
            key="header_3"
          >
            <span>
              jue.
            </span>
          </div>
          <div
            className="rbc-header"
            key="header_4"
          >
            <span>
              vie.
            </span>
          </div>
          <div
            className="rbc-header"
            key="header_5"
          >
            <span>
              sáb.
            </span>
          </div>
          <div
            className="rbc-header"
            key="header_6"
          >
            <span>
              dom.
            </span>
          </div>
        </div>
        <div
          className="rbc-month-row"
        >
          <div
            className="rbc-row-bg"
          >
            <div
              className="rbc-day-bg rbc-off-range-bg"
            />
            <div
              className="rbc-day-bg rbc-off-range-bg"
            />
            <div
              className="rbc-day-bg rbc-off-range-bg"
            />
            <div
              className="rbc-day-bg"
            />
            <div
              className="rbc-day-bg"
            />
            <div
              className="rbc-day-bg"
            />
            <div
              className="rbc-day-bg"
            />
          </div>
          <div
            className="rbc-row-content"
          >
            <div
              className="rbc-row "
            >
              <div
                className="rbc-date-cell rbc-off-range"
                key="header_0"
              >
                <a
                  href="#"
                  onClick={[Function]}
                >
                  28
                </a>
              </div>
              <div
                className="rbc-date-cell rbc-off-range"
                key="header_1"
              >
                <a
                  href="#"
                  onClick={[Function]}
                >
                  29
                </a>
              </div>
              <div
                className="rbc-date-cell rbc-off-range"
                key="header_2"
              >
                <a
                  href="#"
                  onClick={[Function]}
                >
                  30
                </a>
              </div>
              <div
                className="rbc-date-cell"
                key="header_3"
              >
                <a
                  href="#"
                  onClick={[Function]}
                >
                  01
                </a>
              </div>
              <div
                className="rbc-date-cell"
                key="header_4"
              >
                <a
                  href="#"
                  onClick={[Function]}
                >
                  02
                </a>
              </div>
              <div
                className="rbc-date-cell"
                key="header_5"
              >
                <a
                  href="#"
                  onClick={[Function]}
                >
                  03
                </a>
              </div>
              <div
                className="rbc-date-cell"
                key="header_6"
              >
                <a
                  href="#"
                  onClick={[Function]}
                >
                  04
                </a>
              </div>
            </div>
          </div>
        </div>
        <div
          className="rbc-month-row"
        >
          <div
            className="rbc-row-bg"
          >
            <div
              className="rbc-day-bg"
            />
            <div
              className="rbc-day-bg"
            />
            <div
              className="rbc-day-bg"
            />
            <div
              className="rbc-day-bg"
            />
            <div
              className="rbc-day-bg"
            />
            <div
              className="rbc-day-bg"
            />
            <div
              className="rbc-day-bg"
            />
          </div>
          <div
            className="rbc-row-content"
          >
            <div
              className="rbc-row "
            >
              <div
                className="rbc-date-cell"
                key="header_0"
              >
                <a
                  href="#"
                  onClick={[Function]}
                >
                  05
                </a>
              </div>
              <div
                className="rbc-date-cell"
                key="header_1"
              >
                <a
                  href="#"
                  onClick={[Function]}
                >
                  06
                </a>
              </div>
              <div
                className="rbc-date-cell"
                key="header_2"
              >
                <a
                  href="#"
                  onClick={[Function]}
                >
                  07
                </a>
              </div>
              <div
                className="rbc-date-cell"
                key="header_3"
              >
                <a
                  href="#"
                  onClick={[Function]}
                >
                  08
                </a>
              </div>
              <div
                className="rbc-date-cell"
                key="header_4"
              >
                <a
                  href="#"
                  onClick={[Function]}
                >
                  09
                </a>
              </div>
              <div
                className="rbc-date-cell"
                key="header_5"
              >
                <a
                  href="#"
                  onClick={[Function]}
                >
                  10
                </a>
              </div>
              <div
                className="rbc-date-cell"
                key="header_6"
              >
                <a
                  href="#"
                  onClick={[Function]}
                >
                  11
                </a>
              </div>
            </div>
          </div>
        </div>
        <div
          className="rbc-month-row"
        >
          <div
            className="rbc-row-bg"
          >
            <div
              className="rbc-day-bg"
            />
            <div
              className="rbc-day-bg"
            />
            <div
              className="rbc-day-bg"
            />
            <div
              className="rbc-day-bg rbc-today"
            />
            <div
              className="rbc-day-bg"
            />
            <div
              className="rbc-day-bg"
            />
            <div
              className="rbc-day-bg"
            />
          </div>
          <div
            className="rbc-row-content"
          >
            <div
              className="rbc-row "
            >
              <div
                className="rbc-date-cell"
                key="header_0"
              >
                <a
                  href="#"
                  onClick={[Function]}
                >
                  12
                </a>
              </div>
              <div
                className="rbc-date-cell"
                key="header_1"
              >
                <a
                  href="#"
                  onClick={[Function]}
                >
                  13
                </a>
              </div>
              <div
                className="rbc-date-cell"
                key="header_2"
              >
                <a
                  href="#"
                  onClick={[Function]}
                >
                  14
                </a>
              </div>
              <div
                className="rbc-date-cell rbc-now rbc-current"
                key="header_3"
              >
                <a
                  href="#"
                  onClick={[Function]}
                >
                  15
                </a>
              </div>
              <div
                className="rbc-date-cell"
                key="header_4"
              >
                <a
                  href="#"
                  onClick={[Function]}
                >
                  16
                </a>
              </div>
              <div
                className="rbc-date-cell"
                key="header_5"
              >
                <a
                  href="#"
                  onClick={[Function]}
                >
                  17
                </a>
              </div>
              <div
                className="rbc-date-cell"
                key="header_6"
              >
                <a
                  href="#"
                  onClick={[Function]}
                >
                  18
                </a>
              </div>
            </div>
          </div>
        </div>
        <div
          className="rbc-month-row"
        >
          <div
            className="rbc-row-bg"
          >
            <div
              className="rbc-day-bg"
            />
            <div
              className="rbc-day-bg"
            />
            <div
              className="rbc-day-bg"
            />
            <div
              className="rbc-day-bg"
            />
            <div
              className="rbc-day-bg"
            />
            <div
              className="rbc-day-bg"
            />
            <div
              className="rbc-day-bg"
            />
          </div>
          <div
            className="rbc-row-content"
          >
            <div
              className="rbc-row "
            >
              <div
                className="rbc-date-cell"
                key="header_0"
              >
                <a
                  href="#"
                  onClick={[Function]}
                >
                  19
                </a>
              </div>
              <div
                className="rbc-date-cell"
                key="header_1"
              >
                <a
                  href="#"
                  onClick={[Function]}
                >
                  20
                </a>
              </div>
              <div
                className="rbc-date-cell"
                key="header_2"
              >
                <a
                  href="#"
                  onClick={[Function]}
                >
                  21
                </a>
              </div>
              <div
                className="rbc-date-cell"
                key="header_3"
              >
                <a
                  href="#"
                  onClick={[Function]}
                >
                  22
                </a>
              </div>
              <div
                className="rbc-date-cell"
                key="header_4"
              >
                <a
                  href="#"
                  onClick={[Function]}
                >
                  23
                </a>
              </div>
              <div
                className="rbc-date-cell"
                key="header_5"
              >
                <a
                  href="#"
                  onClick={[Function]}
                >
                  24
                </a>
              </div>
              <div
                className="rbc-date-cell"
                key="header_6"
              >
                <a
                  href="#"
                  onClick={[Function]}
                >
                  25
                </a>
              </div>
            </div>
          </div>
        </div>
        <div
          className="rbc-month-row"
        >
          <div
            className="rbc-row-bg"
          >
            <div
              className="rbc-day-bg"
            />
            <div
              className="rbc-day-bg"
            />
            <div
              className="rbc-day-bg"
            />
            <div
              className="rbc-day-bg"
            />
            <div
              className="rbc-day-bg"
            />
            <div
              className="rbc-day-bg"
            />
            <div
              className="rbc-day-bg rbc-off-range-bg"
            />
          </div>
          <div
            className="rbc-row-content"
          >
            <div
              className="rbc-row "
            >
              <div
                className="rbc-date-cell"
                key="header_0"
              >
                <a
                  href="#"
                  onClick={[Function]}
                >
                  26
                </a>
              </div>
              <div
                className="rbc-date-cell"
                key="header_1"
              >
                <a
                  href="#"
                  onClick={[Function]}
                >
                  27
                </a>
              </div>
              <div
                className="rbc-date-cell"
                key="header_2"
              >
                <a
                  href="#"
                  onClick={[Function]}
                >
                  28
                </a>
              </div>
              <div
                className="rbc-date-cell"
                key="header_3"
              >
                <a
                  href="#"
                  onClick={[Function]}
                >
                  29
                </a>
              </div>
              <div
                className="rbc-date-cell"
                key="header_4"
              >
                <a
                  href="#"
                  onClick={[Function]}
                >
                  30
                </a>
              </div>
              <div
                className="rbc-date-cell"
                key="header_5"
              >
                <a
                  href="#"
                  onClick={[Function]}
                >
                  31
                </a>
              </div>
              <div
                className="rbc-date-cell rbc-off-range"
                key="header_6"
              >
                <a
                  href="#"
                  onClick={[Function]}
                >
                  01
                </a>
              </div>
            </div>
          </div>
        </div>
      </div>
    </div>
    <button
      className="btn btn-primary fab"
      onClick={[Function]}
    >
      <svg
        aria-hidden="true"
        className="svg-inline--fa fa-plus fa-w-14 "
        data-icon="plus"
        data-prefix="fas"
        focusable="false"
        role="img"
        style={Object {}}
        viewBox="0 0 448 512"
        xmlns="http://www.w3.org/2000/svg"
      >
        <path
          d="M416 208H272V64c0-17.67-14.33-32-32-32h-32c-17.67 0-32 14.33-32 32v144H32c-17.67 0-32 14.33-32 32v32c0 17.67 14.33 32 32 32h144v144c0 17.67 14.33 32 32 32h32c17.67 0 32-14.33 32-32V304h144c17.67 0 32-14.33 32-32v-32c0-17.67-14.33-32-32-32z"
          fill="currentColor"
          style={Object {}}
        />
      </svg>
    </button>
    <Portal
      containerInfo={
        <div
          class="ReactModalPortal"
        />
      }
    />
  </div>
</div>
`;
